DEMO-1                                                            active
Widget shell refactor
 example-app    2026-05-28
⚔ 2 on it  qm-1780292528, qm-1780295973

OBJECTIVE
Bring the shared layout to the web app, retiring the legacy shell.

DEFINITION OF DONE
◇   tests   auto    cmd:make test
◇   ci      auto    github:checks
[ ] review  toggle  before pr
[ ] ui-ok   toggle  
toggles you check · autos qm runs · you stamp it done

RELATED
[linear] TASK-1
[linear] TASK-2
[github] PR-1

Context

The legacy shell is duplicated per route and drifts. Phase 3 replaces it
with the shared layout and one navigation source.

Approach

1. Land the layout behind the existing flag
2. Migrate routes in batches
3. Keep visual parity until cutover

[mermaid] diagram: route migration order (o to open)

Risk

[table] table: 5-row phase risk matrix (o to open)

ts
    flag.enable('example-flag')